packages/shared/src/store/useBookingStore.ts(135,62): error TS2551: Property 'arrivalTime' does not exist on type '{ carrier_id: any; departure_city: any; arrival_city: any; departure_date: any; departure_time: any; arrival_time: any; }'. Did you mean 'arrival_time'?
packages/shared/src/store/useBookingStore.ts(135,62): error TS2551: Property 'arrivalTime' does not exist on type '{ carrier_id: any; departure_city: any; arrival_city: any; departure_date: any; departure_time: any; arrival_time: any; }'. Did you mean 'arrival_time'?
packages/shared/src/store/useBookingStore.ts(135,62): error TS2551: Property 'arrivalTime' does not exist on type '{ carrier_id: any; departure_city: any; arrival_city: any; departure_date: any; departure_time: any; arrival_time: any; }'. Did you mean 'arrival_time'?
